╨Т╨╡╤А╤Б╨╕╤П MSBuild 18.8.2+ce25c0108 ╨┤╨╗╤П .NET Framework

  Checking File Globs
  VstEngine_rc_lib.vcxproj -> C:\ultima-vox\trance-vst-engine\.repo\build\VstEngine_rc_lib.dir\Release\VstEngine_rc_lib.lib
  Building VST3 manifest helper for VstEngine
  -- Configuring done (0.0s)
  -- Generating done (0.1s)
  -- Build files have been written to: C:/ultima-vox/trance-vst-engine/.repo/build/vst3_helpers/VstEngine
  тХи╨втХитХбтХд╨РтХд╨СтХитХХтХд╨Я MSBuild 18.8.2+ce25c0108 тХитФдтХитХЧтХд╨Я .NET Framework
  
    vst3_helper.vcxproj -> C:\ultima-vox\trance-vst-engine\.repo\build\vst3_helpers\VstEngine\vst3_helper.exe
  vst_generator.vcxproj -> C:\ultima-vox\trance-vst-engine\.repo\build\Release\vst_generator.lib
  vst_sequence.vcxproj -> C:\ultima-vox\trance-vst-engine\.repo\build\Release\vst_sequence.lib
  vst_preset.vcxproj -> C:\ultima-vox\trance-vst-engine\.repo\build\Release\vst_preset.lib
  vst_midi.vcxproj -> C:\ultima-vox\trance-vst-engine\.repo\build\Release\vst_midi.lib
  vst_bass.vcxproj -> C:\ultima-vox\trance-vst-engine\.repo\build\Release\vst_bass.lib
  vst_ui.vcxproj -> C:\ultima-vox\trance-vst-engine\.repo\build\Release\vst_ui.lib
  VstEngine.vcxproj -> C:\ultima-vox\trance-vst-engine\.repo\build\VstEngine_artefacts\Release\VST Engine_SharedCode.lib
  VstEngine_VST3.vcxproj -> C:\ultima-vox\trance-vst-engine\.repo\build\VstEngine_artefacts\Release\VST3\VST Engine.vst3\Contents\x86_64-win\VST Engine.vst3
  removing moduleinfo.json
  creating C:/ultima-vox/trance-vst-engine/.repo/build/VstEngine_artefacts/Release/VST3/VST Engine.vst3/Contents/Resources/moduleinfo.json
  generator_tests.vcxproj -> C:\ultima-vox\trance-vst-engine\.repo\build\Release\generator_tests.exe
  sequence_tests.vcxproj -> C:\ultima-vox\trance-vst-engine\.repo\build\Release\sequence_tests.exe
  midi_source_tests.vcxproj -> C:\ultima-vox\trance-vst-engine\.repo\build\Release\midi_source_tests.exe
  midi_export_tests.vcxproj -> C:\ultima-vox\trance-vst-engine\.repo\build\Release\midi_export_tests.exe
  generated_note_scheduler_tests.vcxproj -> C:\ultima-vox\trance-vst-engine\.repo\build\Release\generated_note_scheduler_tests.exe
  preset_tests.vcxproj -> C:\ultima-vox\trance-vst-engine\.repo\build\Release\preset_tests.exe
  transport_sync_tests.vcxproj -> C:\ultima-vox\trance-vst-engine\.repo\build\Release\transport_sync_tests.exe
  psy_bass_tests.vcxproj -> C:\ultima-vox\trance-vst-engine\.repo\build\Release\psy_bass_tests.exe
  state_round_trip_tests.vcxproj -> C:\ultima-vox\trance-vst-engine\.repo\build\Release\state_round_trip_tests.exe
